172.20.0.4:80 54.240.230.244 - - [12/Apr/2019:07:11:25 +0000] "POST /cache/anon/sns-receive HTTP/1.1" 404 1369 "-" "Amazon Simple Notification Service Agent"
172.20.0.4:80 205.251.234.37 - - [12/Apr/2019:07:11:25 +0000] "POST /cache/anon/sns-receive HTTP/1.1" 404 1369 "-" "Amazon Simple Notification Service Agent"
172.20.0.4:80 54.240.230.180 - - [12/Apr/2019:07:11:25 +0000] "POST /cache/anon/sns-receive HTTP/1.1" 404 1369 "-" "Amazon Simple Notification Service Agent"
172.20.0.4:80 205.251.233.35 - - [12/Apr/2019:07:11:25 +0000] "POST /cache/anon/sns-receive HTTP/1.1" 404 1369 "-" "Amazon Simple Notification Service Agent"
172.20.0.4:80 54.240.230.191 - - [12/Apr/2019:07:11:25 +0000] "POST /cache/anon/sns-receive HTTP/1.1" 404 1369 "-" "Amazon Simple Notification Service Agent"
172.20.0.4:80 54.240.230.188 - - [12/Apr/2019:07:11:25 +0000] "POST /cache/anon/sns-receive HTTP/1.1" 404 1369 "-" "Amazon Simple Notification Service Agent"
172.20.0.4:80 54.240.230.182 - - [12/Apr/2019:07:11:25 +0000] "POST /cache/anon/sns-receive HTTP/1.1" 404 1369 "-" "Amazon Simple Notification Service Agent"
172.20.0.4:80 205.251.233.161 - - [12/Apr/2019:07:11:25 +0000] "POST /cache/anon/sns-receive HTTP/1.1" 404 1369 "-" "Amazon Simple Notification Service Agent"
172.20.0.4:80 54.240.230.246 - - [12/Apr/2019:07:11:25 +0000] "POST /cache/anon/sns-receive HTTP/1.1" 404 1369 "-" "Amazon Simple Notification Service Agent"
172.20.0.4:80 54.240.230.188 - - [12/Apr/2019:07:11:25 +0000] "POST /cache/anon/sns-receive HTTP/1.1" 404 1368 "-" "Amazon Simple Notification Service Agent"
172.20.0.4:80 205.251.233.38 - - [12/Apr/2019:07:11:25 +0000] "POST /cache/anon/sns-receive HTTP/1.1" 404 1369 "-" "Amazon Simple Notification Service Agent"
172.20.0.4:80 205.251.234.35 - - [12/Apr/2019:07:11:25 +0000] "POST /cache/anon/sns-receive HTTP/1.1" 404 1369 "-" "Amazon Simple Notification Service Agent"
172.20.0.4:80 205.251.234.33 - - [12/Apr/2019:07:11:25 +0000] "POST /cache/anon/sns-receive HTTP/1.1" 404 1369 "-" "Amazon Simple Notification Service Agent"
172.20.0.4:80 54.240.230.189 - - [12/Apr/2019:07:11:25 +0000] "POST /cache/anon/sns-receive HTTP/1.1" 404 1369 "-" "Amazon Simple Notification Service Agent"
172.20.0.4:80 205.251.233.165 - - [12/Apr/2019:07:11:25 +0000] "POST /cache/anon/sns-receive HTTP/1.1" 404 1369 "-" "Amazon Simple Notification Service Agent"
172.20.0.4:80 54.240.230.185 - - [12/Apr/2019:07:11:25 +0000] "POST /cache/anon/sns-receive HTTP/1.1" 404 1369 "-" "Amazon Simple Notification Service Agent"
172.20.0.4:80 205.251.233.38 - - [12/Apr/2019:07:11:25 +0000] "POST /cache/anon/sns-receive HTTP/1.1" 404 1369 "-" "Amazon Simple Notification Service Agent"
172.20.0.4:80 54.240.230.241 - - [12/Apr/2019:07:11:25 +0000] "POST /cache/anon/sns-receive HTTP/1.1" 404 1369 "-" "Amazon Simple Notification Service Agent"
172.20.0.4:80 205.251.233.36 - - [12/Apr/2019:07:11:25 +0000] "POST /cache/anon/sns-receive HTTP/1.1" 404 1369 "-" "Amazon Simple Notification Service Agent"
172.20.0.4:80 205.251.234.37 - - [12/Apr/2019:07:11:25 +0000] "POST /cache/anon/sns-receive HTTP/1.1" 404 1369 "-" "Amazon Simple Notification Service Agent"
172.20.0.4:80 54.240.230.242 - - [12/Apr/2019:07:11:25 +0000] "POST /cache/anon/sns-receive HTTP/1.1" 404 1369 "-" "Amazon Simple Notification Service Agent"
172.20.0.4:80 54.240.230.240 - - [12/Apr/2019:07:11:25 +0000] "POST /cache/anon/sns-receive HTTP/1.1" 404 1369 "-" "Amazon Simple Notification Service Agent"
172.20.0.4:80 54.240.230.240 - - [12/Apr/2019:07:11:25 +0000] "POST /cache/anon/sns-receive HTTP/1.1" 404 1369 "-" "Amazon Simple Notification Service Agent"
172.20.0.4:80 205.251.234.36 - - [12/Apr/2019:07:11:26 +0000] "POST /cache/anon/sns-receive HTTP/1.1" 404 1369 "-" "Amazon Simple Notification Service Agent"
172.20.0.4:80 205.251.234.33 - - [12/Apr/2019:07:11:26 +0000] "POST /cache/anon/sns-receive HTTP/1.1" 404 1369 "-" "Amazon Simple Notification Service Agent"
172.20.0.4:80 205.251.233.36 - - [12/Apr/2019:07:11:26 +0000] "POST /cache/anon/sns-receive HTTP/1.1" 404 1369 "-" "Amazon Simple Notification Service Agent"
172.20.0.4:80 54.240.230.190 - - [12/Apr/2019:07:11:26 +0000] "POST /cache/anon/sns-receive HTTP/1.1" 404 1369 "-" "Amazon Simple Notification Service Agent"
172.20.0.4:80 54.240.230.189 - - [12/Apr/2019:07:11:26 +0000] "POST /cache/anon/sns-receive HTTP/1.1" 404 1369 "-" "Amazon Simple Notification Service Agent"
172.20.0.4:80 205.251.233.33 - - [12/Apr/2019:07:11:26 +0000] "POST /cache/anon/sns-receive HTTP/1.1" 404 1369 "-" "Amazon Simple Notification Service Agent"
172.20.0.4:80 54.240.230.243 - - [12/Apr/2019:07:11:26 +0000] "POST /cache/anon/sns-receive HTTP/1.1" 404 1369 "-" "Amazon Simple Notification Service Agent"
172.20.0.4:80 205.251.233.33 - - [12/Apr/2019:07:11:26 +0000] "POST /cache/anon/sns-receive HTTP/1.1" 404 1369 "-" "Amazon Simple Notification Service Agent"
172.20.0.4:80 54.240.230.247 - - [12/Apr/2019:07:11:26 +0000] "POST /cache/anon/sns-receive HTTP/1.1" 404 1369 "-" "Amazon Simple Notification Service Agent"
172.20.0.4:80 54.240.230.185 - - [12/Apr/2019:07:11:26 +0000] "POST /cache/anon/sns-receive HTTP/1.1" 404 1369 "-" "Amazon Simple Notification Service Agent"
172.20.0.4:80 205.251.233.161 - - [12/Apr/2019:07:11:26 +0000] "POST /cache/anon/sns-receive HTTP/1.1" 404 1369 "-" "Amazon Simple Notification Service Agent"
172.20.0.4:80 205.251.234.35 - - [12/Apr/2019:07:11:26 +0000] "POST /cache/anon/sns-receive HTTP/1.1" 404 1369 "-" "Amazon Simple Notification Service Agent"
172.20.0.4:80 205.251.233.36 - - [12/Apr/2019:07:11:26 +0000] "POST /cache/anon/sns-receive HTTP/1.1" 404 1369 "-" "Amazon Simple Notification Service Agent"
172.20.0.4:80 205.251.234.35 - - [12/Apr/2019:07:11:26 +0000] "POST /cache/anon/sns-receive HTTP/1.1" 404 1369 "-" "Amazon Simple Notification Service Agent"
172.20.0.4:80 54.240.230.190 - - [12/Apr/2019:07:11:26 +0000] "POST /cache/anon/sns-receive HTTP/1.1" 404 1369 "-" "Amazon Simple Notification Service Agent"
172.20.0.4:80 205.251.233.35 - - [12/Apr/2019:07:11:26 +0000] "POST /cache/anon/sns-receive HTTP/1.1" 404 1369 "-" "Amazon Simple Notification Service Agent"
172.20.0.4:80 54.240.230.176 - - [12/Apr/2019:07:11:26 +0000] "POST /cache/anon/sns-receive HTTP/1.1" 404 1369 "-" "Amazon Simple Notification Service Agent"
172.20.0.4:80 54.240.230.184 - - [12/Apr/2019:07:11:26 +0000] "POST /cache/anon/sns-receive HTTP/1.1" 404 1369 "-" "Amazon Simple Notification Service Agent"
172.20.0.4:80 54.240.230.245 - - [12/Apr/2019:07:11:26 +0000] "POST /cache/anon/sns-receive HTTP/1.1" 404 1369 "-" "Amazon Simple Notification Service Agent"
172.20.0.4:80 54.240.230.182 - - [12/Apr/2019:07:11:26 +0000] "POST /cache/anon/sns-receive HTTP/1.1" 404 1369 "-" "Amazon Simple Notification Service Agent"
172.20.0.4:80 205.251.233.165 - - [12/Apr/2019:07:11:26 +0000] "POST /cache/anon/sns-receive HTTP/1.1" 404 1369 "-" "Amazon Simple Notification Service Agent"
172.20.0.4:80 54.240.230.188 - - [12/Apr/2019:07:11:26 +0000] "POST /cache/anon/sns-receive HTTP/1.1" 404 1369 "-" "Amazon Simple Notification Service Agent"
172.20.0.4:80 54.240.230.176 - - [12/Apr/2019:07:11:26 +0000] "POST /cache/anon/sns-receive HTTP/1.1" 404 1369 "-" "Amazon Simple Notification Service Agent"
172.20.0.4:80 54.240.230.183 - - [12/Apr/2019:07:11:26 +0000] "POST /cache/anon/sns-receive HTTP/1.1" 404 1369 "-" "Amazon Simple Notification Service Agent"
172.20.0.4:80 205.251.233.166 - - [12/Apr/2019:07:11:26 +0000] "POST /cache/anon/sns-receive HTTP/1.1" 404 1369 "-" "Amazon Simple Notification Service Agent"
172.20.0.4:80 54.240.230.243 - - [12/Apr/2019:07:11:26 +0000] "POST /cache/anon/sns-receive HTTP/1.1" 404 1369 "-" "Amazon Simple Notification Service Agent"
172.20.0.4:80 54.240.230.178 - - [12/Apr/2019:07:11:26 +0000] "POST /cache/anon/sns-receive HTTP/1.1" 404 1369 "-" "Amazon Simple Notification Service Agent"
172.20.0.4:80 127.0.0.1 - - [12/Apr/2019:07:11:26 +0000] "OPTIONS * HTTP/1.0" 200 126 "-" "Apache/2.4.25 (Debian) PHP/7.1.20 (internal dummy connection)"
172.20.0.4:80 54.240.230.241 - - [12/Apr/2019:07:11:26 +0000] "POST /cache/anon/sns-receive HTTP/1.1" 404 1369 "-" "Amazon Simple Notification Service Agent"
172.20.0.4:80 205.251.233.161 - - [12/Apr/2019:07:11:26 +0000] "POST /cache/anon/sns-receive HTTP/1.1" 404 1369 "-" "Amazon Simple Notification Service Agent"
172.20.0.4:80 205.251.233.35 - - [12/Apr/2019:07:11:26 +0000] "POST /cache/anon/sns-receive HTTP/1.1" 404 1369 "-" "Amazon Simple Notification Service Agent"
172.20.0.4:80 54.240.230.178 - - [12/Apr/2019:07:11:26 +0000] "POST /cache/anon/sns-receive HTTP/1.1" 404 1369 "-" "Amazon Simple Notification Service Agent"
172.20.0.4:80 54.240.230.246 - - [12/Apr/2019:07:11:26 +0000] "POST /cache/anon/sns-receive HTTP/1.1" 404 1369 "-" "Amazon Simple Notification Service Agent"
172.20.0.4:80 205.251.234.36 - - [12/Apr/2019:07:11:26 +0000] "POST /cache/anon/sns-receive HTTP/1.1" 404 1369 "-" "Amazon Simple Notification Service Agent"
172.20.0.4:80 54.240.230.181 - - [12/Apr/2019:07:11:26 +0000] "POST /cache/anon/sns-receive HTTP/1.1" 404 1369 "-" "Amazon Simple Notification Service Agent"
172.20.0.4:80 54.240.230.185 - - [12/Apr/2019:07:11:26 +0000] "POST /cache/anon/sns-receive HTTP/1.1" 404 1369 "-" "Amazon Simple Notification Service Agent"
172.20.0.4:80 54.240.230.178 - - [12/Apr/2019:07:11:26 +0000] "POST /cache/anon/sns-receive HTTP/1.1" 404 1369 "-" "Amazon Simple Notification Service Agent"
172.20.0.4:80 54.240.230.247 - - [12/Apr/2019:07:11:26 +0000] "POST /cache/anon/sns-receive HTTP/1.1" 404 1369 "-" "Amazon Simple Notification Service Agent"
172.20.0.4:80 205.251.233.165 - - [12/Apr/2019:07:11:26 +0000] "POST /cache/anon/sns-receive HTTP/1.1" 404 1369 "-" "Amazon Simple Notification Service Agent"
172.20.0.4:80 205.251.233.33 - - [12/Apr/2019:07:11:26 +0000] "POST /cache/anon/sns-receive HTTP/1.1" 404 1369 "-" "Amazon Simple Notification Service Agent"
172.20.0.4:80 54.240.230.179 - - [12/Apr/2019:07:11:26 +0000] "POST /cache/anon/sns-receive HTTP/1.1" 404 1369 "-" "Amazon Simple Notification Service Agent"
172.20.0.4:80 205.251.234.35 - - [12/Apr/2019:07:11:26 +0000] "POST /cache/anon/sns-receive HTTP/1.1" 404 1369 "-" "Amazon Simple Notification Service Agent"
172.20.0.4:80 54.240.230.179 - - [12/Apr/2019:07:11:26 +0000] "POST /cache/anon/sns-receive HTTP/1.1" 404 1369 "-" "Amazon Simple Notification Service Agent"
172.20.0.4:80 54.240.230.177 - - [12/Apr/2019:07:11:26 +0000] "POST /cache/anon/sns-receive HTTP/1.1" 404 1369 "-" "Amazon Simple Notification Service Agent"
172.20.0.4:80 205.251.233.166 - - [12/Apr/2019:07:11:26 +0000] "POST /cache/anon/sns-receive HTTP/1.1" 404 1369 "-" "Amazon Simple Notification Service Agent"
172.20.0.4:80 54.240.230.181 - - [12/Apr/2019:07:11:26 +0000] "POST /cache/anon/sns-receive HTTP/1.1" 404 1368 "-" "Amazon Simple Notification Service Agent"
172.20.0.4:80 54.240.230.184 - - [12/Apr/2019:07:11:26 +0000] "POST /cache/anon/sns-receive HTTP/1.1" 404 1369 "-" "Amazon Simple Notification Service Agent"
172.20.0.4:80 54.240.230.186 - - [12/Apr/2019:07:11:26 +0000] "POST /cache/anon/sns-receive HTTP/1.1" 404 1369 "-" "Amazon Simple Notification Service Agent"
172.20.0.4:80 127.0.0.1 - - [12/Apr/2019:07:11:33 +0000] "OPTIONS * HTTP/1.0" 200 126 "-" "Apache/2.4.25 (Debian) PHP/7.1.20 (internal dummy connection)"
172.20.0.4:80 127.0.0.1 - - [12/Apr/2019:07:11:34 +0000] "OPTIONS * HTTP/1.0" 200 126 "-" "Apache/2.4.25 (Debian) PHP/7.1.20 (internal dummy connection)"
172.20.0.4:80 127.0.0.1 - - [12/Apr/2019:07:11:35 +0000] "OPTIONS * HTTP/1.0" 200 126 "-" "Apache/2.4.25 (Debian) PHP/7.1.20 (internal dummy connection)"
172.20.0.4:80 54.240.230.190 - - [12/Apr/2019:07:11:35 +0000] "POST /cache/anon/sns-receive HTTP/1.1" 404 1369 "-" "Amazon Simple Notification Service Agent"
172.20.0.4:80 205.251.233.161 - - [12/Apr/2019:07:11:35 +0000] "POST /cache/anon/sns-receive HTTP/1.1" 404 1369 "-" "Amazon Simple Notification Service Agent"
172.20.0.4:80 54.240.230.242 - - [12/Apr/2019:07:11:35 +0000] "POST /cache/anon/sns-receive HTTP/1.1" 404 1369 "-" "Amazon Simple Notification Service Agent"
172.20.0.4:80 54.240.230.240 - - [12/Apr/2019:07:11:36 +0000] "POST /cache/anon/sns-receive HTTP/1.1" 404 1369 "-" "Amazon Simple Notification Service Agent"
172.20.0.4:80 54.240.230.190 - - [12/Apr/2019:07:11:36 +0000] "POST /cache/anon/sns-receive HTTP/1.1" 404 1369 "-" "Amazon Simple Notification Service Agent"
172.20.0.4:80 54.240.230.180 - - [12/Apr/2019:07:11:36 +0000] "POST /cache/anon/sns-receive HTTP/1.1" 404 1369 "-" "Amazon Simple Notification Service Agent"
172.20.0.4:80 54.240.230.182 - - [12/Apr/2019:07:11:36 +0000] "POST /cache/anon/sns-receive HTTP/1.1" 404 1369 "-" "Amazon Simple Notification Service Agent"
172.20.0.4:80 54.240.230.191 - - [12/Apr/2019:07:11:36 +0000] "POST /cache/anon/sns-receive HTTP/1.1" 404 1369 "-" "Amazon Simple Notification Service Agent"
172.20.0.4:80 54.240.230.189 - - [12/Apr/2019:07:11:36 +0000] "POST /cache/anon/sns-receive HTTP/1.1" 404 1369 "-" "Amazon Simple Notification Service Agent"
172.20.0.4:80 54.240.230.176 - - [12/Apr/2019:07:11:36 +0000] "POST /cache/anon/sns-receive HTTP/1.1" 404 1369 "-" "Amazon Simple Notification Service Agent"
172.20.0.4:80 54.240.230.188 - - [12/Apr/2019:07:11:36 +0000] "POST /cache/anon/sns-receive HTTP/1.1" 404 1369 "-" "Amazon Simple Notification Service Agent"
172.20.0.4:80 205.251.234.37 - - [12/Apr/2019:07:11:36 +0000] "POST /cache/anon/sns-receive HTTP/1.1" 404 1369 "-" "Amazon Simple Notification Service Agent"
172.20.0.4:80 205.251.234.37 - - [12/Apr/2019:07:11:36 +0000] "POST /cache/anon/sns-receive HTTP/1.1" 404 1369 "-" "Amazon Simple Notification Service Agent"
172.20.0.4:80 127.0.0.1 - - [12/Apr/2019:07:11:36 +0000] "OPTIONS * HTTP/1.0" 200 126 "-" "Apache/2.4.25 (Debian) PHP/7.1.20 (internal dummy connection)"
172.20.0.4:80 205.251.233.38 - - [12/Apr/2019:07:11:36 +0000] "POST /cache/anon/sns-receive HTTP/1.1" 404 1369 "-" "Amazon Simple Notification Service Agent"
172.20.0.4:80 127.0.0.1 - - [12/Apr/2019:07:11:37 +0000] "OPTIONS * HTTP/1.0" 200 126 "-" "Apache/2.4.25 (Debian) PHP/7.1.20 (internal dummy connection)"
172.20.0.4:80 54.240.230.184 - - [12/Apr/2019:07:11:37 +0000] "POST /cache/anon/sns-receive HTTP/1.1" 404 1369 "-" "Amazon Simple Notification Service Agent"
172.20.0.4:80 54.240.230.245 - - [12/Apr/2019:07:11:37 +0000] "POST /cache/anon/sns-receive HTTP/1.1" 404 1369 "-" "Amazon Simple Notification Service Agent"
172.20.0.4:80 205.251.233.35 - - [12/Apr/2019:07:11:37 +0000] "POST /cache/anon/sns-receive HTTP/1.1" 404 1369 "-" "Amazon Simple Notification Service Agent"
172.20.0.4:80 54.240.230.179 - - [12/Apr/2019:07:11:37 +0000] "POST /cache/anon/sns-receive HTTP/1.1" 404 1369 "-" "Amazon Simple Notification Service Agent"
172.20.0.4:80 205.251.233.161 - - [12/Apr/2019:07:11:37 +0000] "POST /cache/anon/sns-receive HTTP/1.1" 404 1369 "-" "Amazon Simple Notification Service Agent"
172.20.0.4:80 205.251.233.165 - - [12/Apr/2019:07:11:37 +0000] "POST /cache/anon/sns-receive HTTP/1.1" 404 1369 "-" "Amazon Simple Notification Service Agent"
172.20.0.4:80 54.240.230.179 - - [12/Apr/2019:07:11:37 +0000] "POST /cache/anon/sns-receive HTTP/1.1" 404 1368 "-" "Amazon Simple Notification Service Agent"
172.20.0.4:80 54.240.230.179 - - [12/Apr/2019:07:11:38 +0000] "POST /cache/anon/sns-receive HTTP/1.1" 404 1368 "-" "Amazon Simple Notification Service Agent"
172.20.0.4:80 205.251.233.166 - - [12/Apr/2019:07:11:38 +0000] "POST /cache/anon/sns-receive HTTP/1.1" 404 1369 "-" "Amazon Simple Notification Service Agent"
172.20.0.4:80 54.240.230.179 - - [12/Apr/2019:07:11:38 +0000] "POST /cache/anon/sns-receive HTTP/1.1" 404 1368 "-" "Amazon Simple Notification Service Agent"
172.20.0.4:80 205.251.233.165 - - [12/Apr/2019:07:11:38 +0000] "POST /cache/anon/sns-receive HTTP/1.1" 404 1369 "-" "Amazon Simple Notification Service Agent"
172.20.0.4:80 54.240.230.184 - - [12/Apr/2019:07:11:38 +0000] "POST /cache/anon/sns-receive HTTP/1.1" 404 1369 "-" "Amazon Simple Notification Service Agent"
172.20.0.4:80 205.251.233.38 - - [12/Apr/2019:07:11:38 +0000] "POST /cache/anon/sns-receive HTTP/1.1" 404 1369 "-" "Amazon Simple Notification Service Agent"
172.20.0.4:80 54.240.230.179 - - [12/Apr/2019:07:11:38 +0000] "POST /cache/anon/sns-receive HTTP/1.1" 404 1368 "-" "Amazon Simple Notification Service Agent"
172.20.0.4:80 205.251.233.166 - - [12/Apr/2019:07:11:38 +0000] "POST /cache/anon/sns-receive HTTP/1.1" 404 1369 "-" "Amazon Simple Notification Service Agent"
172.20.0.4:80 54.240.230.179 - - [12/Apr/2019:07:11:38 +0000] "POST /cache/anon/sns-receive HTTP/1.1" 404 1368 "-" "Amazon Simple Notification Service Agent"
172.20.0.4:80 54.240.230.181 - - [12/Apr/2019:07:11:38 +0000] "POST /cache/anon/sns-receive HTTP/1.1" 404 1369 "-" "Amazon Simple Notification Service Agent"
172.20.0.4:80 54.240.230.179 - - [12/Apr/2019:07:11:38 +0000] "POST /cache/anon/sns-receive HTTP/1.1" 404 1368 "-" "Amazon Simple Notification Service Agent"
172.20.0.4:80 205.251.234.35 - - [12/Apr/2019:07:11:38 +0000] "POST /cache/anon/sns-receive HTTP/1.1" 404 1369 "-" "Amazon Simple Notification Service Agent"
172.20.0.4:80 54.240.230.247 - - [12/Apr/2019:07:11:38 +0000] "POST /cache/anon/sns-receive HTTP/1.1" 404 1369 "-" "Amazon Simple Notification Service Agent"
172.20.0.4:80 54.240.230.183 - - [12/Apr/2019:07:11:38 +0000] "POST /cache/anon/sns-receive HTTP/1.1" 404 1369 "-" "Amazon Simple Notification Service Agent"
172.20.0.4:80 54.240.230.179 - - [12/Apr/2019:07:11:38 +0000] "POST /cache/anon/sns-receive HTTP/1.1" 404 1368 "-" "Amazon Simple Notification Service Agent"
172.20.0.4:80 54.240.230.179 - - [12/Apr/2019:07:11:38 +0000] "POST /cache/anon/sns-receive HTTP/1.1" 404 1368 "-" "Amazon Simple Notification Service Agent"
172.20.0.4:80 54.240.230.179 - - [12/Apr/2019:07:11:38 +0000] "POST /cache/anon/sns-receive HTTP/1.1" 404 1368 "-" "Amazon Simple Notification Service Agent"
172.20.0.4:80 127.0.0.1 - - [12/Apr/2019:07:11:38 +0000] "OPTIONS * HTTP/1.0" 200 126 "-" "Apache/2.4.25 (Debian) PHP/7.1.20 (internal dummy connection)"
172.20.0.4:80 54.240.230.180 - - [12/Apr/2019:07:11:39 +0000] "POST /cache/anon/sns-receive HTTP/1.1" 404 1369 "-" "Amazon Simple Notification Service Agent"
172.20.0.4:80 54.240.230.180 - - [12/Apr/2019:07:11:39 +0000] "POST /cache/anon/sns-receive HTTP/1.1" 404 1368 "-" "Amazon Simple Notification Service Agent"
172.20.0.4:80 54.240.230.180 - - [12/Apr/2019:07:11:39 +0000] "POST /cache/anon/sns-receive HTTP/1.1" 404 1368 "-" "Amazon Simple Notification Service Agent"
172.20.0.4:80 54.240.230.180 - - [12/Apr/2019:07:11:39 +0000] "POST /cache/anon/sns-receive HTTP/1.1" 404 1368 "-" "Amazon Simple Notification Service Agent"
172.20.0.4:80 54.240.230.180 - - [12/Apr/2019:07:11:39 +0000] "POST /cache/anon/sns-receive HTTP/1.1" 404 1368 "-" "Amazon Simple Notification Service Agent"
172.20.0.4:80 54.240.230.180 - - [12/Apr/2019:07:11:39 +0000] "POST /cache/anon/sns-receive HTTP/1.1" 404 1368 "-" "Amazon Simple Notification Service Agent"
172.20.0.4:80 54.240.230.180 - - [12/Apr/2019:07:11:39 +0000] "POST /cache/anon/sns-receive HTTP/1.1" 404 1368 "-" "Amazon Simple Notification Service Agent"
172.20.0.4:80 54.240.230.180 - - [12/Apr/2019:07:11:39 +0000] "POST /cache/anon/sns-receive HTTP/1.1" 404 1368 "-" "Amazon Simple Notification Service Agent"
172.20.0.4:80 54.240.230.180 - - [12/Apr/2019:07:11:39 +0000] "POST /cache/anon/sns-receive HTTP/1.1" 404 1368 "-" "Amazon Simple Notification Service Agent"
172.20.0.4:80 127.0.0.1 - - [12/Apr/2019:07:11:39 +0000] "OPTIONS * HTTP/1.0" 200 126 "-" "Apache/2.4.25 (Debian) PHP/7.1.20 (internal dummy connection)"
172.20.0.4:80 54.240.230.183 - - [12/Apr/2019:07:11:39 +0000] "POST /cache/anon/sns-receive HTTP/1.1" 404 1369 "-" "Amazon Simple Notification Service Agent"
172.20.0.4:80 54.240.230.191 - - [12/Apr/2019:07:11:39 +0000] "POST /cache/anon/sns-receive HTTP/1.1" 404 1369 "-" "Amazon Simple Notification Service Agent"
172.20.0.4:80 54.240.230.176 - - [12/Apr/2019:07:11:39 +0000] "POST /cache/anon/sns-receive HTTP/1.1" 404 1369 "-" "Amazon Simple Notification Service Agent"
172.20.0.4:80 205.251.234.37 - - [12/Apr/2019:07:11:39 +0000] "POST /cache/anon/sns-receive HTTP/1.1" 404 1369 "-" "Amazon Simple Notification Service Agent"
172.20.0.4:80 54.240.230.242 - - [12/Apr/2019:07:11:39 +0000] "POST /cache/anon/sns-receive HTTP/1.1" 404 1369 "-" "Amazon Simple Notification Service Agent"
172.20.0.4:80 205.251.233.161 - - [12/Apr/2019:07:11:39 +0000] "POST /cache/anon/sns-receive HTTP/1.1" 404 1369 "-" "Amazon Simple Notification Service Agent"
172.20.0.4:80 54.240.230.246 - - [12/Apr/2019:07:11:39 +0000] "POST /cache/anon/sns-receive HTTP/1.1" 404 1369 "-" "Amazon Simple Notification Service Agent"
172.20.0.4:80 54.240.230.182 - - [12/Apr/2019:07:11:40 +0000] "POST /cache/anon/sns-receive HTTP/1.1" 404 1369 "-" "Amazon Simple Notification Service Agent"
172.20.0.4:80 54.240.230.186 - - [12/Apr/2019:07:11:40 +0000] "POST /cache/anon/sns-receive HTTP/1.1" 404 1369 "-" "Amazon Simple Notification Service Agent"
172.20.0.4:80 205.251.233.36 - - [12/Apr/2019:07:11:40 +0000] "POST /cache/anon/sns-receive HTTP/1.1" 404 1369 "-" "Amazon Simple Notification Service Agent"
172.20.0.4:80 205.251.234.35 - - [12/Apr/2019:07:11:40 +0000] "POST /cache/anon/sns-receive HTTP/1.1" 404 1369 "-" "Amazon Simple Notification Service Agent"
172.20.0.4:80 205.251.233.35 - - [12/Apr/2019:07:11:40 +0000] "POST /cache/anon/sns-receive HTTP/1.1" 404 1369 "-" "Amazon Simple Notification Service Agent"
172.20.0.4:80 205.251.233.36 - - [12/Apr/2019:07:11:40 +0000] "POST /cache/anon/sns-receive HTTP/1.1" 404 1369 "-" "Amazon Simple Notification Service Agent"
172.20.0.4:80 54.240.230.181 - - [12/Apr/2019:07:11:40 +0000] "POST /cache/anon/sns-receive HTTP/1.1" 404 1369 "-" "Amazon Simple Notification Service Agent"
172.20.0.4:80 127.0.0.1 - - [12/Apr/2019:07:11:40 +0000] "OPTIONS * HTTP/1.0" 200 126 "-" "Apache/2.4.25 (Debian) PHP/7.1.20 (internal dummy connection)"
172.20.0.4:80 127.0.0.1 - - [12/Apr/2019:07:11:41 +0000] "OPTIONS * HTTP/1.0" 200 126 "-" "Apache/2.4.25 (Debian) PHP/7.1.20 (internal dummy connection)"
172.20.0.4:80 110.136.101.32 - - [12/Apr/2019:07:11:41 +0000] "POST /login/cek_login HTTP/1.1" 200 389 "http://34.217.97.119/login" "Mozilla/5.0 (Windows NT 10.0; Win64; x64; rv:66.0) Gecko/20100101 Firefox/66.0"
172.20.0.4:80 127.0.0.1 - - [12/Apr/2019:07:11:42 +0000] "OPTIONS * HTTP/1.0" 200 126 "-" "Apache/2.4.25 (Debian) PHP/7.1.20 (internal dummy connection)"
172.20.0.4:80 110.136.101.32 - - [12/Apr/2019:07:11:42 +0000] "GET /dashboard HTTP/1.1" 200 1571 "-" "Mozilla/5.0 (Windows NT 10.0; Win64; x64; rv:66.0) Gecko/20100101 Firefox/66.0"
172.20.0.4:80 110.136.101.32 - - [12/Apr/2019:07:11:42 +0000] "GET /asset/css/style.css HTTP/1.1" 200 730 "http://34.217.97.119/dashboard" "Mozilla/5.0 (Windows NT 10.0; Win64; x64; rv:66.0) Gecko/20100101 Firefox/66.0"
172.20.0.4:80 110.136.101.32 - - [12/Apr/2019:07:11:42 +0000] "GET /asset/css/bootstrap.css HTTP/1.1" 200 17829 "http://34.217.97.119/dashboard" "Mozilla/5.0 (Windows NT 10.0; Win64; x64; rv:66.0) Gecko/20100101 Firefox/66.0"
172.20.0.4:80 110.136.101.32 - - [12/Apr/2019:07:11:42 +0000] "GET /asset/css/bootstrap-responsive.css HTTP/1.1" 200 4501 "http://34.217.97.119/dashboard" "Mozilla/5.0 (Windows NT 10.0; Win64; x64; rv:66.0) Gecko/20100101 Firefox/66.0"
172.20.0.4:80 110.136.101.32 - - [12/Apr/2019:07:11:42 +0000] "GET /asset/js/bootstrap.js HTTP/1.1" 200 10618 "http://34.217.97.119/dashboard" "Mozilla/5.0 (Windows NT 10.0; Win64; x64; rv:66.0) Gecko/20100101 Firefox/66.0"
172.20.0.4:80 110.136.101.32 - - [12/Apr/2019:07:11:42 +0000] "GET /asset/css/chosen.css HTTP/1.1" 200 2690 "http://34.217.97.119/dashboard" "Mozilla/5.0 (Windows NT 10.0; Win64; x64; rv:66.0) Gecko/20100101 Firefox/66.0"
172.20.0.4:80 110.136.101.32 - - [12/Apr/2019:07:11:43 +0000] "GET /asset/js/chosen.jquery.js HTTP/1.1" 200 7350 "http://34.217.97.119/dashboard" "Mozilla/5.0 (Windows NT 10.0; Win64; x64; rv:66.0) Gecko/20100101 Firefox/66.0"
172.20.0.4:80 110.136.101.32 - - [12/Apr/2019:07:11:43 +0000] "GET /asset/js/jquery.printPage.js HTTP/1.1" 200 6846 "http://34.217.97.119/dashboard" "Mozilla/5.0 (Windows NT 10.0; Win64; x64; rv:66.0) Gecko/20100101 Firefox/66.0"
172.20.0.4:80 110.136.101.32 - - [12/Apr/2019:07:11:43 +0000] "GET /asset/js/jquery.js HTTP/1.1" 200 33529 "http://34.217.97.119/dashboard" "Mozilla/5.0 (Windows NT 10.0; Win64; x64; rv:66.0) Gecko/20100101 Firefox/66.0"
172.20.0.4:80 127.0.0.1 - - [12/Apr/2019:07:11:43 +0000] "OPTIONS * HTTP/1.0" 200 126 "-" "Apache/2.4.25 (Debian) PHP/7.1.20 (internal dummy connection)"
172.20.0.4:80 110.136.101.32 - - [12/Apr/2019:07:11:43 +0000] "GET /asset/css/bootstrap.css HTTP/1.1" 200 17829 "http://34.217.97.119/dashboard" "Mozilla/5.0 (Windows NT 10.0; Win64; x64; rv:66.0) Gecko/20100101 Firefox/66.0"
172.20.0.4:80 110.136.101.32 - - [12/Apr/2019:07:11:44 +0000] "GET /asset/img/logo.png HTTP/1.1" 200 35650 "http://34.217.97.119/dashboard" "Mozilla/5.0 (Windows NT 10.0; Win64; x64; rv:66.0) Gecko/20100101 Firefox/66.0"
172.20.0.4:80 110.136.101.32 - - [12/Apr/2019:07:11:44 +0000] "GET /asset/img/glyphicons-halflings-white.png HTTP/1.1" 200 9064 "http://34.217.97.119/asset/css/bootstrap.css" "Mozilla/5.0 (Windows NT 10.0; Win64; x64; rv:66.0) Gecko/20100101 Firefox/66.0"
172.20.0.4:80 110.136.101.32 - - [12/Apr/2019:07:11:44 +0000] "GET /asset/img/glyphicons-halflings.png HTTP/1.1" 200 13087 "http://34.217.97.119/asset/css/bootstrap.css" "Mozilla/5.0 (Windows NT 10.0; Win64; x64; rv:66.0) Gecko/20100101 Firefox/66.0"
172.20.0.4:80 127.0.0.1 - - [12/Apr/2019:07:11:44 +0000] "OPTIONS * HTTP/1.0" 200 126 "-" "Apache/2.4.25 (Debian) PHP/7.1.20 (internal dummy connection)"
172.20.0.4:80 127.0.0.1 - - [12/Apr/2019:07:11:45 +0000] "OPTIONS * HTTP/1.0" 200 126 "-" "Apache/2.4.25 (Debian) PHP/7.1.20 (internal dummy connection)"
172.20.0.4:80 110.136.101.32 - - [12/Apr/2019:07:11:46 +0000] "GET /master HTTP/1.1" 200 7669 "http://34.217.97.119/dashboard" "Mozilla/5.0 (Windows NT 10.0; Win64; x64; rv:66.0) Gecko/20100101 Firefox/66.0"
172.20.0.4:80 127.0.0.1 - - [12/Apr/2019:07:11:46 +0000] "OPTIONS * HTTP/1.0" 200 126 "-" "Apache/2.4.25 (Debian) PHP/7.1.20 (internal dummy connection)"
172.20.0.4:80 127.0.0.1 - - [12/Apr/2019:07:11:47 +0000] "OPTIONS * HTTP/1.0" 200 126 "-" "Apache/2.4.25 (Debian) PHP/7.1.20 (internal dummy connection)"
172.20.0.4:80 127.0.0.1 - - [12/Apr/2019:07:11:48 +0000] "OPTIONS * HTTP/1.0" 200 126 "-" "Apache/2.4.25 (Debian) PHP/7.1.20 (internal dummy connection)"
172.20.0.4:80 205.251.234.33 - - [12/Apr/2019:07:11:49 +0000] "POST /cache/anon/sns-receive HTTP/1.1" 404 1369 "-" "Amazon Simple Notification Service Agent"
172.20.0.4:80 205.251.234.33 - - [12/Apr/2019:07:11:49 +0000] "POST /cache/anon/sns-receive HTTP/1.1" 404 1368 "-" "Amazon Simple Notification Service Agent"
172.20.0.4:80 205.251.234.33 - - [12/Apr/2019:07:11:49 +0000] "POST /cache/anon/sns-receive HTTP/1.1" 404 1368 "-" "Amazon Simple Notification Service Agent"
172.20.0.4:80 205.251.234.33 - - [12/Apr/2019:07:11:49 +0000] "POST /cache/anon/sns-receive HTTP/1.1" 404 1368 "-" "Amazon Simple Notification Service Agent"
172.20.0.4:80 205.251.234.33 - - [12/Apr/2019:07:11:49 +0000] "POST /cache/anon/sns-receive HTTP/1.1" 404 1368 "-" "Amazon Simple Notification Service Agent"
172.20.0.4:80 205.251.234.33 - - [12/Apr/2019:07:11:49 +0000] "POST /cache/anon/sns-receive HTTP/1.1" 404 1368 "-" "Amazon Simple Notification Service Agent"
172.20.0.4:80 205.251.234.33 - - [12/Apr/2019:07:11:49 +0000] "POST /cache/anon/sns-receive HTTP/1.1" 404 1368 "-" "Amazon Simple Notification Service Agent"
172.20.0.4:80 205.251.234.33 - - [12/Apr/2019:07:11:49 +0000] "POST /cache/anon/sns-receive HTTP/1.1" 404 1368 "-" "Amazon Simple Notification Service Agent"
172.20.0.4:80 127.0.0.1 - - [12/Apr/2019:07:11:49 +0000] "OPTIONS * HTTP/1.0" 200 126 "-" "Apache/2.4.25 (Debian) PHP/7.1.20 (internal dummy connection)"
172.20.0.4:80 205.251.234.33 - - [12/Apr/2019:07:11:49 +0000] "POST /cache/anon/sns-receive HTTP/1.1" 404 1368 "-" "Amazon Simple Notification Service Agent"
172.20.0.4:80 127.0.0.1 - - [12/Apr/2019:07:11:50 +0000] "OPTIONS * HTTP/1.0" 200 126 "-" "Apache/2.4.25 (Debian) PHP/7.1.20 (internal dummy connection)"
172.20.0.4:80 127.0.0.1 - - [12/Apr/2019:07:11:51 +0000] "OPTIONS * HTTP/1.0" 200 126 "-" "Apache/2.4.25 (Debian) PHP/7.1.20 (internal dummy connection)"
172.20.0.4:80 127.0.0.1 - - [12/Apr/2019:07:11:52 +0000] "OPTIONS * HTTP/1.0" 200 126 "-" "Apache/2.4.25 (Debian) PHP/7.1.20 (internal dummy connection)"
172.20.0.4:80 127.0.0.1 - - [12/Apr/2019:07:11:53 +0000] "OPTIONS * HTTP/1.0" 200 126 "-" "Apache/2.4.25 (Debian) PHP/7.1.20 (internal dummy connection)"
172.20.0.4:80 127.0.0.1 - - [12/Apr/2019:07:11:54 +0000] "OPTIONS * HTTP/1.0" 200 126 "-" "Apache/2.4.25 (Debian) PHP/7.1.20 (internal dummy connection)"
172.20.0.4:80 127.0.0.1 - - [12/Apr/2019:07:11:55 +0000] "OPTIONS * HTTP/1.0" 200 126 "-" "Apache/2.4.25 (Debian) PHP/7.1.20 (internal dummy connection)"
172.20.0.4:80 127.0.0.1 - - [12/Apr/2019:07:11:56 +0000] "OPTIONS * HTTP/1.0" 200 126 "-" "Apache/2.4.25 (Debian) PHP/7.1.20 (internal dummy connection)"
172.20.0.4:80 127.0.0.1 - - [12/Apr/2019:07:11:57 +0000] "OPTIONS * HTTP/1.0" 200 126 "-" "Apache/2.4.25 (Debian) PHP/7.1.20 (internal dummy connection)"
172.20.0.4:80 127.0.0.1 - - [12/Apr/2019:07:11:58 +0000] "OPTIONS * HTTP/1.0" 200 126 "-" "Apache/2.4.25 (Debian) PHP/7.1.20 (internal dummy connection)"
172.20.0.4:80 127.0.0.1 - - [12/Apr/2019:07:11:59 +0000] "OPTIONS * HTTP/1.0" 200 126 "-" "Apache/2.4.25 (Debian) PHP/7.1.20 (internal dummy connection)"
172.20.0.4:80 127.0.0.1 - - [12/Apr/2019:07:12:00 +0000] "OPTIONS * HTTP/1.0" 200 126 "-" "Apache/2.4.25 (Debian) PHP/7.1.20 (internal dummy connection)"
172.20.0.4:80 127.0.0.1 - - [12/Apr/2019:07:12:01 +0000] "OPTIONS * HTTP/1.0" 200 126 "-" "Apache/2.4.25 (Debian) PHP/7.1.20 (internal dummy connection)"
172.20.0.4:80 127.0.0.1 - - [12/Apr/2019:07:12:02 +0000] "OPTIONS * HTTP/1.0" 200 126 "-" "Apache/2.4.25 (Debian) PHP/7.1.20 (internal dummy connection)"
172.20.0.4:80 127.0.0.1 - - [12/Apr/2019:07:12:03 +0000] "OPTIONS * HTTP/1.0" 200 126 "-" "Apache/2.4.25 (Debian) PHP/7.1.20 (internal dummy connection)"
172.20.0.4:80 127.0.0.1 - - [12/Apr/2019:07:12:04 +0000] "OPTIONS * HTTP/1.0" 200 126 "-" "Apache/2.4.25 (Debian) PHP/7.1.20 (internal dummy connection)"
172.20.0.4:80 127.0.0.1 - - [12/Apr/2019:07:12:05 +0000] "OPTIONS * HTTP/1.0" 200 126 "-" "Apache/2.4.25 (Debian) PHP/7.1.20 (internal dummy connection)"
172.20.0.4:80 127.0.0.1 - - [12/Apr/2019:07:12:06 +0000] "OPTIONS * HTTP/1.0" 200 126 "-" "Apache/2.4.25 (Debian) PHP/7.1.20 (internal dummy connection)"
172.20.0.4:80 127.0.0.1 - - [12/Apr/2019:07:12:07 +0000] "OPTIONS * HTTP/1.0" 200 126 "-" "Apache/2.4.25 (Debian) PHP/7.1.20 (internal dummy connection)"
172.20.0.4:80 127.0.0.1 - - [12/Apr/2019:07:12:08 +0000] "OPTIONS * HTTP/1.0" 200 126 "-" "Apache/2.4.25 (Debian) PHP/7.1.20 (internal dummy connection)"
172.20.0.4:80 127.0.0.1 - - [12/Apr/2019:07:12:09 +0000] "OPTIONS * HTTP/1.0" 200 126 "-" "Apache/2.4.25 (Debian) PHP/7.1.20 (internal dummy connection)"
172.20.0.4:80 127.0.0.1 - - [12/Apr/2019:07:12:10 +0000] "OPTIONS * HTTP/1.0" 200 126 "-" "Apache/2.4.25 (Debian) PHP/7.1.20 (internal dummy connection)"
172.20.0.4:80 127.0.0.1 - - [12/Apr/2019:07:12:11 +0000] "OPTIONS * HTTP/1.0" 200 126 "-" "Apache/2.4.25 (Debian) PHP/7.1.20 (internal dummy connection)"
172.20.0.4:80 54.240.230.244 - - [12/Apr/2019:07:12:12 +0000] "POST /cache/anon/sns-receive HTTP/1.1" 404 1369 "-" "Amazon Simple Notification Service Agent"
172.20.0.4:80 54.240.230.244 - - [12/Apr/2019:07:12:12 +0000] "POST /cache/anon/sns-receive HTTP/1.1" 404 1368 "-" "Amazon Simple Notification Service Agent"
172.20.0.4:80 54.240.230.244 - - [12/Apr/2019:07:12:12 +0000] "POST /cache/anon/sns-receive HTTP/1.1" 404 1368 "-" "Amazon Simple Notification Service Agent"
172.20.0.4:80 54.240.230.244 - - [12/Apr/2019:07:12:12 +0000] "POST /cache/anon/sns-receive HTTP/1.1" 404 1368 "-" "Amazon Simple Notification Service Agent"
172.20.0.4:80 54.240.230.244 - - [12/Apr/2019:07:12:12 +0000] "POST /cache/anon/sns-receive HTTP/1.1" 404 1368 "-" "Amazon Simple Notification Service Agent"
172.20.0.4:80 54.240.230.244 - - [12/Apr/2019:07:12:12 +0000] "POST /cache/anon/sns-receive HTTP/1.1" 404 1368 "-" "Amazon Simple Notification Service Agent"
172.20.0.4:80 54.240.230.244 - - [12/Apr/2019:07:12:12 +0000] "POST /cache/anon/sns-receive HTTP/1.1" 404 1368 "-" "Amazon Simple Notification Service Agent"
172.20.0.4:80 127.0.0.1 - - [12/Apr/2019:07:12:12 +0000] "OPTIONS * HTTP/1.0" 200 126 "-" "Apache/2.4.25 (Debian) PHP/7.1.20 (internal dummy connection)"
172.20.0.4:80 127.0.0.1 - - [12/Apr/2019:07:12:13 +0000] "OPTIONS * HTTP/1.0" 200 126 "-" "Apache/2.4.25 (Debian) PHP/7.1.20 (internal dummy connection)"
172.20.0.4:80 127.0.0.1 - - [12/Apr/2019:07:12:14 +0000] "OPTIONS * HTTP/1.0" 200 126 "-" "Apache/2.4.25 (Debian) PHP/7.1.20 (internal dummy connection)"
172.20.0.4:80 127.0.0.1 - - [12/Apr/2019:07:12:15 +0000] "OPTIONS * HTTP/1.0" 200 126 "-" "Apache/2.4.25 (Debian) PHP/7.1.20 (internal dummy connection)"
172.20.0.4:80 127.0.0.1 - - [12/Apr/2019:07:12:16 +0000] "OPTIONS * HTTP/1.0" 200 126 "-" "Apache/2.4.25 (Debian) PHP/7.1.20 (internal dummy connection)"
172.20.0.4:80 54.240.230.244 - - [12/Apr/2019:07:12:16 +0000] "POST /cache/anon/sns-receive HTTP/1.1" 404 1368 "-" "Amazon Simple Notification Service Agent"
172.20.0.4:80 54.240.230.244 - - [12/Apr/2019:07:12:16 +0000] "POST /cache/anon/sns-receive HTTP/1.1" 404 1368 "-" "Amazon Simple Notification Service Agent"
172.20.0.4:80 54.240.230.244 - - [12/Apr/2019:07:12:17 +0000] "POST /cache/anon/sns-receive HTTP/1.1" 404 1368 "-" "Amazon Simple Notification Service Agent"
172.20.0.4:80 54.240.230.244 - - [12/Apr/2019:07:12:17 +0000] "POST /cache/anon/sns-receive HTTP/1.1" 404 1368 "-" "Amazon Simple Notification Service Agent"
172.20.0.4:80 54.240.230.244 - - [12/Apr/2019:07:12:17 +0000] "POST /cache/anon/sns-receive HTTP/1.1" 404 1368 "-" "Amazon Simple Notification Service Agent"
172.20.0.4:80 54.240.230.244 - - [12/Apr/2019:07:12:17 +0000] "POST /cache/anon/sns-receive HTTP/1.1" 404 1368 "-" "Amazon Simple Notification Service Agent"
172.20.0.4:80 54.240.230.244 - - [12/Apr/2019:07:12:17 +0000] "POST /cache/anon/sns-receive HTTP/1.1" 404 1368 "-" "Amazon Simple Notification Service Agent"
172.20.0.4:80 54.240.230.244 - - [12/Apr/2019:07:12:17 +0000] "POST /cache/anon/sns-receive HTTP/1.1" 404 1368 "-" "Amazon Simple Notification Service Agent"
172.20.0.4:80 54.240.230.244 - - [12/Apr/2019:07:12:17 +0000] "POST /cache/anon/sns-receive HTTP/1.1" 404 1368 "-" "Amazon Simple Notification Service Agent"
172.20.0.4:80 127.0.0.1 - - [12/Apr/2019:07:12:17 +0000] "OPTIONS * HTTP/1.0" 200 126 "-" "Apache/2.4.25 (Debian) PHP/7.1.20 (internal dummy connection)"
172.20.0.4:80 54.240.230.244 - - [12/Apr/2019:07:12:17 +0000] "POST /cache/anon/sns-receive HTTP/1.1" 404 1368 "-" "Amazon Simple Notification Service Agent"
172.20.0.4:80 127.0.0.1 - - [12/Apr/2019:07:12:18 +0000] "OPTIONS * HTTP/1.0" 200 126 "-" "Apache/2.4.25 (Debian) PHP/7.1.20 (internal dummy connection)"
172.20.0.4:80 127.0.0.1 - - [12/Apr/2019:07:12:19 +0000] "OPTIONS * HTTP/1.0" 200 126 "-" "Apache/2.4.25 (Debian) PHP/7.1.20 (internal dummy connection)"
172.20.0.4:80 127.0.0.1 - - [12/Apr/2019:07:12:20 +0000] "OPTIONS * HTTP/1.0" 200 126 "-" "Apache/2.4.25 (Debian) PHP/7.1.20 (internal dummy connection)"
172.20.0.4:80 127.0.0.1 - - [12/Apr/2019:07:12:21 +0000] "OPTIONS * HTTP/1.0" 200 126 "-" "Apache/2.4.25 (Debian) PHP/7.1.20 (internal dummy connection)"
172.20.0.4:80 127.0.0.1 - - [12/Apr/2019:07:12:22 +0000] "OPTIONS * HTTP/1.0" 200 126 "-" "Apache/2.4.25 (Debian) PHP/7.1.20 (internal dummy connection)"
172.20.0.4:80 127.0.0.1 - - [12/Apr/2019:07:12:23 +0000] "OPTIONS * HTTP/1.0" 200 126 "-" "Apache/2.4.25 (Debian) PHP/7.1.20 (internal dummy connection)"
172.20.0.4:80 127.0.0.1 - - [12/Apr/2019:07:12:24 +0000] "OPTIONS * HTTP/1.0" 200 126 "-" "Apache/2.4.25 (Debian) PHP/7.1.20 (internal dummy connection)"
172.20.0.4:80 205.251.233.166 - - [12/Apr/2019:07:12:25 +0000] "POST /cache/anon/sns-receive HTTP/1.1" 404 1369 "-" "Amazon Simple Notification Service Agent"
172.20.0.4:80 205.251.233.166 - - [12/Apr/2019:07:12:25 +0000] "POST /cache/anon/sns-receive HTTP/1.1" 404 1368 "-" "Amazon Simple Notification Service Agent"
172.20.0.4:80 127.0.0.1 - - [12/Apr/2019:07:12:25 +0000] "OPTIONS * HTTP/1.0" 200 126 "-" "Apache/2.4.25 (Debian) PHP/7.1.20 (internal dummy connection)"
172.20.0.4:80 205.251.233.166 - - [12/Apr/2019:07:12:25 +0000] "POST /cache/anon/sns-receive HTTP/1.1" 404 1368 "-" "Amazon Simple Notification Service Agent"
172.20.0.4:80 205.251.233.166 - - [12/Apr/2019:07:12:25 +0000] "POST /cache/anon/sns-receive HTTP/1.1" 404 1368 "-" "Amazon Simple Notification Service Agent"
172.20.0.4:80 205.251.233.166 - - [12/Apr/2019:07:12:25 +0000] "POST /cache/anon/sns-receive HTTP/1.1" 404 1368 "-" "Amazon Simple Notification Service Agent"
172.20.0.4:80 205.251.233.166 - - [12/Apr/2019:07:12:25 +0000] "POST /cache/anon/sns-receive HTTP/1.1" 404 1368 "-" "Amazon Simple Notification Service Agent"
172.20.0.4:80 205.251.233.166 - - [12/Apr/2019:07:12:25 +0000] "POST /cache/anon/sns-receive HTTP/1.1" 404 1368 "-" "Amazon Simple Notification Service Agent"
172.20.0.4:80 205.251.233.166 - - [12/Apr/2019:07:12:25 +0000] "POST /cache/anon/sns-receive HTTP/1.1" 404 1368 "-" "Amazon Simple Notification Service Agent"
172.20.0.4:80 205.251.233.166 - - [12/Apr/2019:07:12:25 +0000] "POST /cache/anon/sns-receive HTTP/1.1" 404 1368 "-" "Amazon Simple Notification Service Agent"
172.20.0.4:80 54.240.230.179 - - [12/Apr/2019:07:12:25 +0000] "POST /cache/anon/sns-receive HTTP/1.1" 404 1369 "-" "Amazon Simple Notification Service Agent"
172.20.0.4:80 54.240.230.179 - - [12/Apr/2019:07:12:25 +0000] "POST /cache/anon/sns-receive HTTP/1.1" 404 1368 "-" "Amazon Simple Notification Service Agent"
172.20.0.4:80 54.240.230.179 - - [12/Apr/2019:07:12:25 +0000] "POST /cache/anon/sns-receive HTTP/1.1" 404 1368 "-" "Amazon Simple Notification Service Agent"
172.20.0.4:80 54.240.230.179 - - [12/Apr/2019:07:12:25 +0000] "POST /cache/anon/sns-receive HTTP/1.1" 404 1368 "-" "Amazon Simple Notification Service Agent"
172.20.0.4:80 54.240.230.179 - - [12/Apr/2019:07:12:25 +0000] "POST /cache/anon/sns-receive HTTP/1.1" 404 1368 "-" "Amazon Simple Notification Service Agent"
172.20.0.4:80 54.240.230.179 - - [12/Apr/2019:07:12:26 +0000] "POST /cache/anon/sns-receive HTTP/1.1" 404 1368 "-" "Amazon Simple Notification Service Agent"
172.20.0.4:80 54.240.230.179 - - [12/Apr/2019:07:12:26 +0000] "POST /cache/anon/sns-receive HTTP/1.1" 404 1368 "-" "Amazon Simple Notification Service Agent"
172.20.0.4:80 54.240.230.179 - - [12/Apr/2019:07:12:26 +0000] "POST /cache/anon/sns-receive HTTP/1.1" 404 1368 "-" "Amazon Simple Notification Service Agent"
172.20.0.4:80 54.240.230.179 - - [12/Apr/2019:07:12:26 +0000] "POST /cache/anon/sns-receive HTTP/1.1" 404 1368 "-" "Amazon Simple Notification Service Agent"
172.20.0.4:80 54.240.230.179 - - [12/Apr/2019:07:12:26 +0000] "POST /cache/anon/sns-receive HTTP/1.1" 404 1368 "-" "Amazon Simple Notification Service Agent"
172.20.0.4:80 54.240.230.179 - - [12/Apr/2019:07:12:26 +0000] "POST /cache/anon/sns-receive HTTP/1.1" 404 1368 "-" "Amazon Simple Notification Service Agent"
172.20.0.4:80 127.0.0.1 - - [12/Apr/2019:07:12:26 +0000] "OPTIONS * HTTP/1.0" 200 126 "-" "Apache/2.4.25 (Debian) PHP/7.1.20 (internal dummy connection)"
172.20.0.4:80 127.0.0.1 - - [12/Apr/2019:07:12:27 +0000] "OPTIONS * HTTP/1.0" 200 126 "-" "Apache/2.4.25 (Debian) PHP/7.1.20 (internal dummy connection)"
172.20.0.4:80 54.240.230.179 - - [12/Apr/2019:07:12:27 +0000] "POST /cache/anon/sns-receive HTTP/1.1" 404 1368 "-" "Amazon Simple Notification Service Agent"
172.20.0.4:80 54.240.230.179 - - [12/Apr/2019:07:12:27 +0000] "POST /cache/anon/sns-receive HTTP/1.1" 404 1368 "-" "Amazon Simple Notification Service Agent"
172.20.0.4:80 54.240.230.179 - - [12/Apr/2019:07:12:27 +0000] "POST /cache/anon/sns-receive HTTP/1.1" 404 1368 "-" "Amazon Simple Notification Service Agent"
172.20.0.4:80 54.240.230.179 - - [12/Apr/2019:07:12:27 +0000] "POST /cache/anon/sns-receive HTTP/1.1" 404 1368 "-" "Amazon Simple Notification Service Agent"
172.20.0.4:80 54.240.230.179 - - [12/Apr/2019:07:12:27 +0000] "POST /cache/anon/sns-receive HTTP/1.1" 404 1368 "-" "Amazon Simple Notification Service Agent"
172.20.0.4:80 54.240.230.179 - - [12/Apr/2019:07:12:28 +0000] "POST /cache/anon/sns-receive HTTP/1.1" 404 1368 "-" "Amazon Simple Notification Service Agent"
172.20.0.4:80 54.240.230.179 - - [12/Apr/2019:07:12:28 +0000] "POST /cache/anon/sns-receive HTTP/1.1" 404 1368 "-" "Amazon Simple Notification Service Agent"
172.20.0.4:80 54.240.230.179 - - [12/Apr/2019:07:12:28 +0000] "POST /cache/anon/sns-receive HTTP/1.1" 404 1368 "-" "Amazon Simple Notification Service Agent"
172.20.0.4:80 54.240.230.179 - - [12/Apr/2019:07:12:28 +0000] "POST /cache/anon/sns-receive HTTP/1.1" 404 1368 "-" "Amazon Simple Notification Service Agent"
172.20.0.4:80 54.240.230.179 - - [12/Apr/2019:07:12:28 +0000] "POST /cache/anon/sns-receive HTTP/1.1" 404 1368 "-" "Amazon Simple Notification Service Agent"
172.20.0.4:80 54.240.230.179 - - [12/Apr/2019:07:12:28 +0000] "POST /cache/anon/sns-receive HTTP/1.1" 404 1368 "-" "Amazon Simple Notification Service Agent"
172.20.0.4:80 127.0.0.1 - - [12/Apr/2019:07:12:28 +0000] "OPTIONS * HTTP/1.0" 200 126 "-" "Apache/2.4.25 (Debian) PHP/7.1.20 (internal dummy connection)"
172.20.0.4:80 127.0.0.1 - - [12/Apr/2019:07:12:29 +0000] "OPTIONS * HTTP/1.0" 200 126 "-" "Apache/2.4.25 (Debian) PHP/7.1.20 (internal dummy connection)"
172.20.0.4:80 127.0.0.1 - - [12/Apr/2019:07:12:30 +0000] "OPTIONS * HTTP/1.0" 200 126 "-" "Apache/2.4.25 (Debian) PHP/7.1.20 (internal dummy connection)"
172.20.0.4:80 54.240.230.179 - - [12/Apr/2019:07:12:30 +0000] "POST /cache/anon/sns-receive HTTP/1.1" 404 1368 "-" "Amazon Simple Notification Service Agent"
172.20.0.4:80 54.240.230.179 - - [12/Apr/2019:07:12:30 +0000] "POST /cache/anon/sns-receive HTTP/1.1" 404 1368 "-" "Amazon Simple Notification Service Agent"
172.20.0.4:80 54.240.230.179 - - [12/Apr/2019:07:12:30 +0000] "POST /cache/anon/sns-receive HTTP/1.1" 404 1368 "-" "Amazon Simple Notification Service Agent"
172.20.0.4:80 54.240.230.179 - - [12/Apr/2019:07:12:30 +0000] "POST /cache/anon/sns-receive HTTP/1.1" 404 1368 "-" "Amazon Simple Notification Service Agent"
172.20.0.4:80 54.240.230.179 - - [12/Apr/2019:07:12:30 +0000] "POST /cache/anon/sns-receive HTTP/1.1" 404 1368 "-" "Amazon Simple Notification Service Agent"
172.20.0.4:80 54.240.230.179 - - [12/Apr/2019:07:12:30 +0000] "POST /cache/anon/sns-receive HTTP/1.1" 404 1368 "-" "Amazon Simple Notification Service Agent"
172.20.0.4:80 54.240.230.179 - - [12/Apr/2019:07:12:30 +0000] "POST /cache/anon/sns-receive HTTP/1.1" 404 1368 "-" "Amazon Simple Notification Service Agent"
172.20.0.4:80 127.0.0.1 - - [12/Apr/2019:07:12:31 +0000] "OPTIONS * HTTP/1.0" 200 126 "-" "Apache/2.4.25 (Debian) PHP/7.1.20 (internal dummy connection)"
172.20.0.4:80 127.0.0.1 - - [12/Apr/2019:07:12:32 +0000] "OPTIONS * HTTP/1.0" 200 126 "-" "Apache/2.4.25 (Debian) PHP/7.1.20 (internal dummy connection)"
172.20.0.4:80 54.240.230.179 - - [12/Apr/2019:07:12:33 +0000] "POST /cache/anon/sns-receive HTTP/1.1" 404 1368 "-" "Amazon Simple Notification Service Agent"
172.20.0.4:80 54.240.230.179 - - [12/Apr/2019:07:12:33 +0000] "POST /cache/anon/sns-receive HTTP/1.1" 404 1368 "-" "Amazon Simple Notification Service Agent"
172.20.0.4:80 54.240.230.179 - - [12/Apr/2019:07:12:33 +0000] "POST /cache/anon/sns-receive HTTP/1.1" 404 1368 "-" "Amazon Simple Notification Service Agent"
172.20.0.4:80 54.240.230.179 - - [12/Apr/2019:07:12:33 +0000] "POST /cache/anon/sns-receive HTTP/1.1" 404 1368 "-" "Amazon Simple Notification Service Agent"
172.20.0.4:80 54.240.230.179 - - [12/Apr/2019:07:12:33 +0000] "POST /cache/anon/sns-receive HTTP/1.1" 404 1368 "-" "Amazon Simple Notification Service Agent"
172.20.0.4:80 54.240.230.179 - - [12/Apr/2019:07:12:33 +0000] "POST /cache/anon/sns-receive HTTP/1.1" 404 1368 "-" "Amazon Simple Notification Service Agent"
172.20.0.4:80 54.240.230.179 - - [12/Apr/2019:07:12:33 +0000] "POST /cache/anon/sns-receive HTTP/1.1" 404 1368 "-" "Amazon Simple Notification Service Agent"
172.20.0.4:80 127.0.0.1 - - [12/Apr/2019:07:12:33 +0000] "OPTIONS * HTTP/1.0" 200 126 "-" "Apache/2.4.25 (Debian) PHP/7.1.20 (internal dummy connection)"
172.20.0.4:80 127.0.0.1 - - [12/Apr/2019:07:12:34 +0000] "OPTIONS * HTTP/1.0" 200 126 "-" "Apache/2.4.25 (Debian) PHP/7.1.20 (internal dummy connection)"
172.20.0.4:80 54.240.230.179 - - [12/Apr/2019:07:12:34 +0000] "POST /cache/anon/sns-receive HTTP/1.1" 404 1368 "-" "Amazon Simple Notification Service Agent"
172.20.0.4:80 54.240.230.179 - - [12/Apr/2019:07:12:34 +0000] "POST /cache/anon/sns-receive HTTP/1.1" 404 1368 "-" "Amazon Simple Notification Service Agent"
172.20.0.4:80 54.240.230.179 - - [12/Apr/2019:07:12:34 +0000] "POST /cache/anon/sns-receive HTTP/1.1" 404 1368 "-" "Amazon Simple Notification Service Agent"
172.20.0.4:80 54.240.230.179 - - [12/Apr/2019:07:12:34 +0000] "POST /cache/anon/sns-receive HTTP/1.1" 404 1368 "-" "Amazon Simple Notification Service Agent"
172.20.0.4:80 54.240.230.179 - - [12/Apr/2019:07:12:34 +0000] "POST /cache/anon/sns-receive HTTP/1.1" 404 1368 "-" "Amazon Simple Notification Service Agent"
172.20.0.4:80 54.240.230.179 - - [12/Apr/2019:07:12:35 +0000] "POST /cache/anon/sns-receive HTTP/1.1" 404 1368 "-" "Amazon Simple Notification Service Agent"
172.20.0.4:80 54.240.230.179 - - [12/Apr/2019:07:12:35 +0000] "POST /cache/anon/sns-receive HTTP/1.1" 404 1368 "-" "Amazon Simple Notification Service Agent"
172.20.0.4:80 54.240.230.179 - - [12/Apr/2019:07:12:35 +0000] "POST /cache/anon/sns-receive HTTP/1.1" 404 1368 "-" "Amazon Simple Notification Service Agent"
172.20.0.4:80 54.240.230.179 - - [12/Apr/2019:07:12:35 +0000] "POST /cache/anon/sns-receive HTTP/1.1" 404 1368 "-" "Amazon Simple Notification Service Agent"
172.20.0.4:80 54.240.230.179 - - [12/Apr/2019:07:12:35 +0000] "POST /cache/anon/sns-receive HTTP/1.1" 404 1368 "-" "Amazon Simple Notification Service Agent"
172.20.0.4:80 54.240.230.179 - - [12/Apr/2019:07:12:35 +0000] "POST /cache/anon/sns-receive HTTP/1.1" 404 1368 "-" "Amazon Simple Notification Service Agent"
172.20.0.4:80 127.0.0.1 - - [12/Apr/2019:07:12:35 +0000] "OPTIONS * HTTP/1.0" 200 126 "-" "Apache/2.4.25 (Debian) PHP/7.1.20 (internal dummy connection)"
172.20.0.4:80 205.251.234.37 - - [12/Apr/2019:07:12:35 +0000] "POST /cache/anon/sns-receive HTTP/1.1" 404 1369 "-" "Amazon Simple Notification Service Agent"
172.20.0.4:80 205.251.233.33 - - [12/Apr/2019:07:12:35 +0000] "POST /cache/anon/sns-receive HTTP/1.1" 404 1369 "-" "Amazon Simple Notification Service Agent"
172.20.0.4:80 205.251.233.163 - - [12/Apr/2019:07:12:35 +0000] "POST /cache/anon/sns-receive HTTP/1.1" 404 1369 "-" "Amazon Simple Notification Service Agent"
172.20.0.4:80 205.251.233.36 - - [12/Apr/2019:07:12:35 +0000] "POST /cache/anon/sns-receive HTTP/1.1" 404 1369 "-" "Amazon Simple Notification Service Agent"
172.20.0.4:80 54.240.230.247 - - [12/Apr/2019:07:12:35 +0000] "POST /cache/anon/sns-receive HTTP/1.1" 404 1369 "-" "Amazon Simple Notification Service Agent"
172.20.0.4:80 54.240.230.180 - - [12/Apr/2019:07:12:35 +0000] "POST /cache/anon/sns-receive HTTP/1.1" 404 1369 "-" "Amazon Simple Notification Service Agent"
172.20.0.4:80 205.251.233.163 - - [12/Apr/2019:07:12:35 +0000] "POST /cache/anon/sns-receive HTTP/1.1" 404 1369 "-" "Amazon Simple Notification Service Agent"
172.20.0.4:80 205.251.233.38 - - [12/Apr/2019:07:12:35 +0000] "POST /cache/anon/sns-receive HTTP/1.1" 404 1369 "-" "Amazon Simple Notification Service Agent"
172.20.0.4:80 54.240.230.191 - - [12/Apr/2019:07:12:35 +0000] "POST /cache/anon/sns-receive HTTP/1.1" 404 1369 "-" "Amazon Simple Notification Service Agent"
172.20.0.4:80 205.251.233.36 - - [12/Apr/2019:07:12:35 +0000] "POST /cache/anon/sns-receive HTTP/1.1" 404 1369 "-" "Amazon Simple Notification Service Agent"
172.20.0.4:80 54.240.230.187 - - [12/Apr/2019:07:12:35 +0000] "POST /cache/anon/sns-receive HTTP/1.1" 404 1369 "-" "Amazon Simple Notification Service Agent"
172.20.0.4:80 54.240.230.176 - - [12/Apr/2019:07:12:35 +0000] "POST /cache/anon/sns-receive HTTP/1.1" 404 1369 "-" "Amazon Simple Notification Service Agent"
172.20.0.4:80 205.251.234.36 - - [12/Apr/2019:07:12:35 +0000] "POST /cache/anon/sns-receive HTTP/1.1" 404 1369 "-" "Amazon Simple Notification Service Agent"
172.20.0.4:80 54.240.230.241 - - [12/Apr/2019:07:12:35 +0000] "POST /cache/anon/sns-receive HTTP/1.1" 404 1369 "-" "Amazon Simple Notification Service Agent"
172.20.0.4:80 205.251.233.38 - - [12/Apr/2019:07:12:38 +0000] "POST /cache/anon/sns-receive HTTP/1.1" 404 1369 "-" "Amazon Simple Notification Service Agent"
172.20.0.4:80 205.251.233.38 - - [12/Apr/2019:07:12:38 +0000] "POST /cache/anon/sns-receive HTTP/1.1" 404 1368 "-" "Amazon Simple Notification Service Agent"
172.20.0.4:80 205.251.233.38 - - [12/Apr/2019:07:12:38 +0000] "POST /cache/anon/sns-receive HTTP/1.1" 404 1368 "-" "Amazon Simple Notification Service Agent"
172.20.0.4:80 205.251.233.38 - - [12/Apr/2019:07:12:38 +0000] "POST /cache/anon/sns-receive HTTP/1.1" 404 1368 "-" "Amazon Simple Notification Service Agent"
172.20.0.4:80 205.251.233.38 - - [12/Apr/2019:07:12:38 +0000] "POST /cache/anon/sns-receive HTTP/1.1" 404 1368 "-" "Amazon Simple Notification Service Agent"
